------------------------------------------------------------
Timing Analyzer Summary
------------------------------------------------------------

Type  : Slow 1100mV 85C Model Setup 'clk_clk'
Slack : -6.830
TNS   : -142.238

Type  : Slow 1100mV 85C Model Setup 'sdram_controller|sys_sdram_pll_0|sys_pll|altera_pll_i|general[0].gpll~PLL_OUTPUT_COUNTER|divclk'
Slack : -5.791
TNS   : -219.997

Type  : Slow 1100mV 85C Model Hold 'sdram_controller|sys_sdram_pll_0|sys_pll|altera_pll_i|general[0].gpll~PLL_OUTPUT_COUNTER|divclk'
Slack : -0.081
TNS   : -0.116

Type  : Slow 1100mV 85C Model Hold 'clk_clk'
Slack : 0.042
TNS   : 0.000

Type  : Slow 1100mV 85C Model Recovery 'sdram_controller|sys_sdram_pll_0|sys_pll|altera_pll_i|general[0].gpll~PLL_OUTPUT_COUNTER|divclk'
Slack : 2.806
TNS   : 0.000

Type  : Slow 1100mV 85C Model Removal 'sdram_controller|sys_sdram_pll_0|sys_pll|altera_pll_i|general[0].gpll~PLL_OUTPUT_COUNTER|divclk'
Slack : 0.030
TNS   : 0.000

Type  : Slow 1100mV 85C Model Minimum Pulse Width 'sdram_controller|sys_sdram_pll_0|sys_pll|altera_pll_i|general[0].gpll~FRACTIONAL_PLL|vcoph[0]'
Slack : 0.699
TNS   : 0.000

Type  : Slow 1100mV 85C Model Minimum Pulse Width 'sdram_controller|sys_sdram_pll_0|sys_pll|altera_pll_i|general[0].gpll~PLL_OUTPUT_COUNTER|divclk'
Slack : 2.700
TNS   : 0.000

Type  : Slow 1100mV 85C Model Minimum Pulse Width 'clk_clk'
Slack : 9.387
TNS   : 0.000

Type  : Slow 1100mV 0C Model Setup 'clk_clk'
Slack : -6.742
TNS   : -143.572

Type  : Slow 1100mV 0C Model Setup 'sdram_controller|sys_sdram_pll_0|sys_pll|altera_pll_i|general[0].gpll~PLL_OUTPUT_COUNTER|divclk'
Slack : -5.493
TNS   : -207.876

Type  : Slow 1100mV 0C Model Hold 'sdram_controller|sys_sdram_pll_0|sys_pll|altera_pll_i|general[0].gpll~PLL_OUTPUT_COUNTER|divclk'
Slack : -0.136
TNS   : -0.220

Type  : Slow 1100mV 0C Model Hold 'clk_clk'
Slack : 0.066
TNS   : 0.000

Type  : Slow 1100mV 0C Model Recovery 'sdram_controller|sys_sdram_pll_0|sys_pll|altera_pll_i|general[0].gpll~PLL_OUTPUT_COUNTER|divclk'
Slack : 2.963
TNS   : 0.000

Type  : Slow 1100mV 0C Model Removal 'sdram_controller|sys_sdram_pll_0|sys_pll|altera_pll_i|general[0].gpll~PLL_OUTPUT_COUNTER|divclk'
Slack : -0.023
TNS   : -0.023

Type  : Slow 1100mV 0C Model Minimum Pulse Width 'sdram_controller|sys_sdram_pll_0|sys_pll|altera_pll_i|general[0].gpll~FRACTIONAL_PLL|vcoph[0]'
Slack : 0.699
TNS   : 0.000

Type  : Slow 1100mV 0C Model Minimum Pulse Width 'sdram_controller|sys_sdram_pll_0|sys_pll|altera_pll_i|general[0].gpll~PLL_OUTPUT_COUNTER|divclk'
Slack : 2.677
TNS   : 0.000

Type  : Slow 1100mV 0C Model Minimum Pulse Width 'clk_clk'
Slack : 9.313
TNS   : 0.000

Type  : Fast 1100mV 85C Model Setup 'sdram_controller|sys_sdram_pll_0|sys_pll|altera_pll_i|general[0].gpll~PLL_OUTPUT_COUNTER|divclk'
Slack : -4.351
TNS   : -158.211

Type  : Fast 1100mV 85C Model Setup 'clk_clk'
Slack : -3.988
TNS   : -75.103

Type  : Fast 1100mV 85C Model Hold 'sdram_controller|sys_sdram_pll_0|sys_pll|altera_pll_i|general[0].gpll~PLL_OUTPUT_COUNTER|divclk'
Slack : -0.023
TNS   : -0.023

Type  : Fast 1100mV 85C Model Hold 'clk_clk'
Slack : -0.010
TNS   : -0.160

Type  : Fast 1100mV 85C Model Recovery 'sdram_controller|sys_sdram_pll_0|sys_pll|altera_pll_i|general[0].gpll~PLL_OUTPUT_COUNTER|divclk'
Slack : 4.390
TNS   : 0.000

Type  : Fast 1100mV 85C Model Removal 'sdram_controller|sys_sdram_pll_0|sys_pll|altera_pll_i|general[0].gpll~PLL_OUTPUT_COUNTER|divclk'
Slack : 0.066
TNS   : 0.000

Type  : Fast 1100mV 85C Model Minimum Pulse Width 'sdram_controller|sys_sdram_pll_0|sys_pll|altera_pll_i|general[0].gpll~FRACTIONAL_PLL|vcoph[0]'
Slack : 0.699
TNS   : 0.000

Type  : Fast 1100mV 85C Model Minimum Pulse Width 'sdram_controller|sys_sdram_pll_0|sys_pll|altera_pll_i|general[0].gpll~PLL_OUTPUT_COUNTER|divclk'
Slack : 3.042
TNS   : 0.000

Type  : Fast 1100mV 85C Model Minimum Pulse Width 'clk_clk'
Slack : 9.403
TNS   : 0.000

Type  : Fast 1100mV 0C Model Setup 'clk_clk'
Slack : -3.864
TNS   : -72.694

Type  : Fast 1100mV 0C Model Setup 'sdram_controller|sys_sdram_pll_0|sys_pll|altera_pll_i|general[0].gpll~PLL_OUTPUT_COUNTER|divclk'
Slack : -3.650
TNS   : -133.537

Type  : Fast 1100mV 0C Model Hold 'sdram_controller|sys_sdram_pll_0|sys_pll|altera_pll_i|general[0].gpll~PLL_OUTPUT_COUNTER|divclk'
Slack : -0.064
TNS   : -0.098

Type  : Fast 1100mV 0C Model Hold 'clk_clk'
Slack : -0.010
TNS   : -0.160

Type  : Fast 1100mV 0C Model Recovery 'sdram_controller|sys_sdram_pll_0|sys_pll|altera_pll_i|general[0].gpll~PLL_OUTPUT_COUNTER|divclk'
Slack : 4.573
TNS   : 0.000

Type  : Fast 1100mV 0C Model Removal 'sdram_controller|sys_sdram_pll_0|sys_pll|altera_pll_i|general[0].gpll~PLL_OUTPUT_COUNTER|divclk'
Slack : 0.015
TNS   : 0.000

Type  : Fast 1100mV 0C Model Minimum Pulse Width 'sdram_controller|sys_sdram_pll_0|sys_pll|altera_pll_i|general[0].gpll~FRACTIONAL_PLL|vcoph[0]'
Slack : 0.699
TNS   : 0.000

Type  : Fast 1100mV 0C Model Minimum Pulse Width 'sdram_controller|sys_sdram_pll_0|sys_pll|altera_pll_i|general[0].gpll~PLL_OUTPUT_COUNTER|divclk'
Slack : 3.036
TNS   : 0.000

Type  : Fast 1100mV 0C Model Minimum Pulse Width 'clk_clk'
Slack : 9.406
TNS   : 0.000

------------------------------------------------------------
